Features: 17 (AI23+OSM+SC). Seed: 42 (matches original headline run)
Building multigraph (K=5 KNN + route)...
  124,234 directed edges
  [ 1/33] Barking and Dagenham            n= 364  (214s)
  [ 2/33] Barnet                          n= 993  (200s)
  [ 3/33] Bexley                          n= 672  (233s)
  [ 4/33] Brent                           n= 575  (239s)
  [ 5/33] Bromley                         n=1179  (229s)
  [ 6/33] Camden                          n= 424  (224s)
  [ 7/33] City of London                  n= 101  (227s)
  [ 8/33] Croydon                         n=1019  (212s)
  [ 9/33] Ealing                          n= 683  (213s)
  [10/33] Enfield                         n= 707  (212s)
  [11/33] Greenwich                       n= 659  (218s)
  [12/33] Hackney                         n= 442  (217s)
  [13/33] Hammersmith and Fulham          n= 276  (219s)
  [14/33] Haringey                        n= 461  (216s)
  [15/33] Harrow                          n= 432  (217s)
  [16/33] Havering                        n= 691  (213s)
  [17/33] Hillingdon                      n= 706  (214s)
  [18/33] Hounslow                        n= 651  (218s)
  [19/33] Islington                       n= 349  (219s)
  [20/33] Kensington and Chelsea          n= 260  (226s)
  [21/33] Kingston upon Thames            n= 391  (223s)
  [22/33] Lambeth                         n= 577  (215s)
  [23/33] Lewisham                        n= 609  (210s)
  [24/33] Merton                          n= 457  (212s)
  [25/33] Newham                          n= 465  (216s)
  [26/33] Redbridge                       n= 539  (216s)
  [27/33] Richmond upon Thames            n= 484  (215s)
  [28/33] Southwark                       n= 583  (216s)
  [29/33] Sutton                          n= 421  (222s)
  [30/33] Tower Hamlets                   n= 381  (223s)
  [31/33] Waltham Forest                  n= 492  (219s)
  [32/33] Wandsworth                      n= 481  (204s)
  [33/33] Westminster                     n= 419  (184s)

Total time: 119.3 min
Saved -> results_residual_correlation.csv  (17943 rows)
